// Jest Snapshot v1, https://goo.gl/fbAQLP

exports[`shoud render ExpenseListItem correctly 1`] = `
<div>
  <[object Object]
    to="/edit/2"
  >
    <h3>
      Rent
    </h3>
  </[object Object]>
  <p>
    â‚¬ 1.095,00
    -
    December 28th, 1969
  </p>
</div>
`;
